0ddf270562684f29pcr testPcr testDynServerPcr CCTGAAGGCATCAGTGTACCCCAGGAATGCCCAA CTCATGAGTGGCTCCTAAAGCAGCTGCGTGG 4096

testPcr.2bit:22_50k_plus	48875	49195	+
testPcr.2bit:22_50k_plus	22100	24605	+
testPcr.2bit:22_50k_plus	48875	49195	-
testPcr.2bit:22_50k_plus	22100	24605	-
end
0ddf270562684f29pcr testPcr testDynServerPcr tggtgagagggggaaggtttt ggagctctgacatctgggttctg 4096

testPcr.2bit:22_50k_plus	48875	49195	+
testPcr.2bit:22_50k_plus	22100	24605	+
testPcr.2bit:22_50k_plus	48875	49195	-
testPcr.2bit:22_50k_plus	22100	24605	-
end
0ddf270562684f29pcr testPcr testDynServerPcr GGAGCTCTGACATCTGGGTTCTGGA tggtgagagggggaaggttttcttt 4096

testPcr.2bit:22_50k_plus	48875	49195	+
testPcr.2bit:22_50k_plus	22100	24605	+
testPcr.2bit:22_50k_plus	48875	49195	-
testPcr.2bit:22_50k_plus	22100	24605	-
end
0ddf270562684f29untransInfo testPcr testDynServerPcr

version 37x0
type nucleotide
tileSize 11
stepSize 5
minMatch 2
end
