#id	stripped	sub_day_of_month	neg_day_of_month	last_word	penultimate_word	replaceSomething	replaceNothing	dashed	long	q	RNA	seq	se	mm	dd	yyyy	usaDate	company	md5.sum	organ	untrimmed_organ	alphabet3	decade	crasho	abc	def	abcd	efg	atoG	fg	array1	cutMid	subSub
constant ID	cnstntID	14	14	ID	constant	something	default value	-RNA-	long	q	RNA	seq	s	04	14	2015	04/14/2015	Fluidigm	4633136f3bf181ef5399f81ec5cb004a	brain	' brain '	d	1		abcdefg	def	abcd	efg	abcdefg	fg	glial	abfg	subSub
