#lab	submitters	fluidics_chip	age
quake	spyros	Fluidigm C1	postnatal 54 years,postnatal 37 years,postnatal 47 years,postnatal 63 years,postnatal 22 years,postnatal 50 years,postnatal 21 years,prenatal 16-18 W
