#x	id	less_messy	mangled_date	messy
very complex	tidy string	string messy	DATE_2015_04_14	big messy string messy very messy with many messy parts
