#hg19.pgNA12878.bin	hg19.pgNA12878.chrom	hg19.pgNA12878.chromStart	hg19.pgNA12878.chromEnd	hg19.pgNA12878.name	hg19.pgNA12878.alleleCount	hg19.pgNA12878.alleleFreq	hg19.pgNA12878.alleleScores	hg19.knownGene.name	hg19.knownGene.chrom	hg19.knownGene.strand	hg19.knownGene.txStart	hg19.knownGene.txEnd	hg19.knownGene.cdsStart	hg19.knownGene.cdsEnd	hg19.knownGene.exonCount	hg19.knownGene.exonStarts	hg19.knownGene.exonEnds	hg19.knownGene.proteinID	hg19.knownGene.alignID
590	chr1	705881	705882	A/G	2	0,0	100,100	ENST00000635509.2_1	chr1	-	529687	763149	529687	529687	4	529687,536777,647090,763049,	530136,536957,647302,763149,		uc304bnl.1
590	chr1	705881	705882	A/G	2	0,0	100,100	ENST00000634337.2_1	chr1	-	529687	763176	529687	529687	5	529687,536777,543334,634306,763049,	530136,536957,543436,634339,763176,		uc304bnm.1
590	chr1	705881	705882	A/G	2	0,0	100,100	ENST00000506640.2_1	chr1	-	661264	714006	661264	661264	16	661264,668686,670802,678559,679574,680107,682074,691456,694346,700102,701708,703927,704876,708355,709550,713663,	665184,668744,670993,678730,679771,680205,682198,691521,694503,700627,701767,703993,705092,708487,709660,714006,		uc304bod.1
590	chr1	705881	705882	A/G	2	0,0	100,100	ENST00000428504.2_1	chr1	-	700102	709660	700102	700102	5	700102,700523,701708,703927,709550,	700180,700627,701767,703993,709660,		uc304boh.1
590	chr1	752565	752566	A	1	0	100	ENST00000635509.2_1	chr1	-	529687	763149	529687	529687	4	529687,536777,647090,763049,	530136,536957,647302,763149,		uc304bnl.1
590	chr1	752565	752566	A	1	0	100	ENST00000634337.2_1	chr1	-	529687	763176	529687	529687	5	529687,536777,543334,634306,763049,	530136,536957,543436,634339,763176,		uc304bnm.1
590	chr1	752565	752566	A	1	0	100	ENST00000447500.4_1	chr1	-	736258	753092	736258	736258	5	736258,741178,743953,745446,752752,	736543,741271,744003,745550,753092,		uc304bpn.1
590	chr1	752720	752721	G	1	0	100	ENST00000635509.2_1	chr1	-	529687	763149	529687	529687	4	529687,536777,647090,763049,	530136,536957,647302,763149,		uc304bnl.1
590	chr1	752720	752721	G	1	0	100	ENST00000634337.2_1	chr1	-	529687	763176	529687	529687	5	529687,536777,543334,634306,763049,	530136,536957,543436,634339,763176,		uc304bnm.1
590	chr1	752720	752721	G	1	0	100	ENST00000447500.4_1	chr1	-	736258	753092	736258	736258	5	736258,741178,743953,745446,752752,	736543,741271,744003,745550,753092,		uc304bpn.1
