Warning: 'FLAM_C_short_' size not found for query, skipping
