geneId	geneName	geneType	unused1	transcriptId	transcriptName	unused2	unused3	unused4	transcriptType	ccdsId	level	transcriptClass	proteinId
ENSG00000242507.6	FO393401.1	transcribed_unprocessed_pseudogene		ENST00000422009.5	FO393401.1-201	processed_transcript					2	pseudo	
ENSG00000242507.6	FO393401.1	transcribed_unprocessed_pseudogene		ENST00000450773.1	FO393401.1-202	transcribed_unprocessed_pseudogene					2	pseudo	
