geneId	geneName	geneType	transcriptId	transcriptName	transcriptType	ccdsId	level	proteinId	transcriptClass
ENSG00000236196.4	NFKBIL1	protein_coding	ENST00000430501.2	NFKBIL1-002	protein_coding		2		coding
ENSG00000236196.4	NFKBIL1	protein_coding	ENST00000455376.2	NFKBIL1-001	protein_coding		2		coding
ENSG00000236196.4	NFKBIL1	protein_coding	ENST00000456607.2	NFKBIL1-003	protein_coding		2		coding
ENSG00000236196.4	NFKBIL1	protein_coding	ENST00000460420.1	NFKBIL1-004	processed_transcript		2		nonCoding
ENSG00000236196.4	NFKBIL1	protein_coding	ENST00000464054.1	NFKBIL1-005	retained_intron		2		other
