Warning: annotations not mapped for these chromosomes, the maybe new patches/alt sequence not in UCSC: HSCHR12_4_CTG2_1 HSCHR3_1_CTG2_1 bogus1 wrong
