Found 2 problems:

warning: input/hub.html descriptionUrl setting does not exist
